2025-06-03 14:51:04,320 - INFO - Model: yolov5, Epochs: 5, Batch Size: 32
2025-06-03 14:51:04,387 - INFO - Extracted dataset to uploaded_datasets\images
2025-06-03 14:51:04,387 - INFO - Received training request.
2025-06-03 14:51:04,387 - INFO - Model: yolov5
2025-06-03 14:51:04,387 - INFO - Dataset Path: uploaded_datasets\images
2025-06-03 14:51:04,387 - INFO - Training with YOLOv5...
2025-06-03 14:51:04,387 - INFO - Training completed successfully.
2025-06-06 11:42:39,534 - INFO - Extracted dataset to uploaded_datasets\mobilenet
2025-06-06 11:42:39,534 - INFO - Model: mobilenet, Epochs: 10, Batch Size: 32
2025-06-06 11:42:39,534 - INFO - Dataset Path: uploaded_datasets\mobilenet
2025-06-06 11:42:39,534 - INFO - Training with mobilenet...
2025-06-06 11:42:39,534 - INFO - Training completed successfully.
2025-06-14 14:21:00,449 - INFO - Extracted dataset to uploaded_datasets\yolo_small_dataset
2025-06-14 14:21:00,449 - INFO - Model: yolov5, Epochs: 10, Batch Size: 32
2025-06-14 14:21:00,449 - INFO - Dataset Path: uploaded_datasets\yolo_small_dataset
2025-06-14 14:21:00,449 - INFO - Training with yolov5...
2025-06-14 14:21:00,449 - INFO - Training completed successfully.
2025-06-14 14:25:20,652 - INFO - Extracted dataset to uploaded_datasets\mobilenet
2025-06-14 14:25:20,652 - INFO - Model: mobilenet, Epochs: 10, Batch Size: 32
2025-06-14 14:25:20,652 - INFO - Dataset Path: uploaded_datasets\mobilenet
2025-06-14 14:25:20,652 - INFO - Training with mobilenet...
2025-06-14 14:25:20,652 - INFO - Training completed successfully.
